// Jest Snapshot v1, https://goo.gl/fbAQLP

exports[`App snapshot 1`] = `
<div
  className="container"
>
  <img
    src="test-file-stub"
  />
  <span
    className="message"
  >
    It Works!
  </span>
</div>
`;
